Command line invocation:
    /Applications/Xcode.app/Contents/Developer/usr/bin/xcodebuild -project Examples/TrisPlaceRecognitionDemo/TrisPlaceRecognitionDemo.xcodeproj -scheme TrisPlaceRecognitionDemo -destination "generic/platform=iOS Simulator" -configuration Debug CODE_SIGNING_ALLOWED=NO build

Build settings from command line:
    CODE_SIGNING_ALLOWED = NO

Resolve Package Graph


Resolved source packages:
  TrisPlaceRecognitionKit: /Users/comatoki/Documents/iOS Project/Libraries/TrisPlaceRecognitionKit @ local
  TrisLocationKit: https://github.com/iosdevbyul/TrisLocationKit @ main (f9e82cd)

2026-09-27 07:07:57.661 xcodebuild[4444:113320] [MT] IDERunDestination: Supported platforms for the buildables in the current scheme is empty.
ComputePackagePrebuildTargetDependencyGraph

Prepare packages

CreateBuildRequest

SendProjectDescription

CreateBuildOperation

ComputeTargetDependencyGraph
note: Building targets in dependency order
note: Target dependency graph (5 targets)
    Target 'TrisPlaceRecognitionDemo' in project 'TrisPlaceRecognitionDemo'
        ➜ Explicit dependency on target 'TrisPlaceRecognitionKit' in project 'TrisPlaceRecognitionKit'
    Target 'TrisPlaceRecognitionKit' in project 'TrisPlaceRecognitionKit'
        ➜ Explicit dependency on target 'TrisPlaceRecognitionKit' in project 'TrisPlaceRecognitionKit'
        ➜ Explicit dependency on target 'TrisLocationKit' in project 'TrisLocationKit'
    Target 'TrisPlaceRecognitionKit' in project 'TrisPlaceRecognitionKit'
        ➜ Explicit dependency on target 'TrisLocationKit' in project 'TrisLocationKit'
    Target 'TrisLocationKit' in project 'TrisLocationKit'
        ➜ Explicit dependency on target 'TrisLocationKit' in project 'TrisLocationKit'
    Target 'TrisLocationKit' in project 'TrisLocationKit' (no dependencies)

GatherProvisioningInputs

CreateBuildDescription

ExecuteExternalTool /Applications/Xcode.app/Contents/Developer/Toolchains/XcodeDefault.xctoolchain/usr/bin/clang -v -E -dM -isysroot /Applications/Xcode.app/Contents/Developer/Platforms/iPhoneSimulator.platform/Developer/SDKs/iPhoneSimulator26.5.sdk -x c -c /dev/null

ExecuteExternalTool /Applications/Xcode.app/Contents/Developer/Toolchains/XcodeDefault.xctoolchain/usr/bin/swiftc --version

ExecuteExternalTool /Applications/Xcode.app/Contents/Developer/usr/bin/actool --print-asset-tag-combinations --output-format xml1 /Users/comatoki/Documents/iOS Project/Libraries/TrisPlaceRecognitionKit/Examples/TrisPlaceRecognitionDemo/TrisPlaceRecognitionDemo/Assets.xcassets

ExecuteExternalTool /Applications/Xcode.app/Contents/Developer/usr/bin/actool --version --output-format xml1

ExecuteExternalTool /Applications/Xcode.app/Contents/Developer/Toolchains/XcodeDefault.xctoolchain/usr/bin/ld -version_details

Build description signature: 5b3f1fd3f64f9a628032b40c1cf2225e
Build description path: /Users/comatoki/Library/Developer/Xcode/DerivedData/TrisPlaceRecognitionDemo-aqkehtsmqjdkmwdjjikxgxbhkgwv/Build/Intermediates.noindex/XCBuildData/5b3f1fd3f64f9a628032b40c1cf2225e.xcbuilddata
ClangStatCache /Applications/Xcode.app/Contents/Developer/Toolchains/XcodeDefault.xctoolchain/usr/bin/clang-stat-cache /Applications/Xcode.app/Contents/Developer/Platforms/iPhoneSimulator.platform/Developer/SDKs/iPhoneSimulator26.5.sdk /Users/comatoki/Library/Developer/Xcode/DerivedData/SDKStatCaches.noindex/iphonesimulator26.5-23F73-6cfe768891a92b912361537c460fe42b.sdkstatcache
    cd /Users/comatoki/Documents/iOS\ Project/Libraries/TrisPlaceRecognitionKit/Examples/TrisPlaceRecognitionDemo/TrisPlaceRecognitionDemo.xcodeproj
    /Applications/Xcode.app/Contents/Developer/Toolchains/XcodeDefault.xctoolchain/usr/bin/clang-stat-cache /Applications/Xcode.app/Contents/Developer/Platforms/iPhoneSimulator.platform/Developer/SDKs/iPhoneSimulator26.5.sdk -o /Users/comatoki/Library/Developer/Xcode/DerivedData/SDKStatCaches.noindex/iphonesimulator26.5-23F73-6cfe768891a92b912361537c460fe42b.sdkstatcache

SwiftDriver TrisPlaceRecognitionDemo normal x86_64 com.apple.xcode.tools.swift.compiler (in target 'TrisPlaceRecognitionDemo' from project 'TrisPlaceRecognitionDemo')
    cd /Users/comatoki/Documents/iOS\ Project/Libraries/TrisPlaceRecognitionKit/Examples/TrisPlaceRecognitionDemo
    builtin-SwiftDriver -- /Applications/Xcode.app/Contents/Developer/Toolchains/XcodeDefault.xctoolchain/usr/bin/swiftc -module-name TrisPlaceRecognitionDemo -Onone @/Users/comatoki/Library/Developer/Xcode/DerivedData/TrisPlaceRecognitionDemo-aqkehtsmqjdkmwdjjikxgxbhkgwv/Build/Intermediates.noindex/TrisPlaceRecognitionDemo.build/Debug-iphonesimulator/TrisPlaceRecognitionDemo.build/Objects-normal/x86_64/TrisPlaceRecognitionDemo.SwiftFileList -DDEBUG -default-isolation\=MainActor -enable-bare-slash-regex -enable-upcoming-feature DisableOutwardActorInference -enable-upcoming-feature InferSendableFromCaptures -enable-upcoming-feature GlobalActorIsolatedTypesUsability -enable-upcoming-feature MemberImportVisibility -enable-upcoming-feature InferIsolatedConformances -enable-upcoming-feature NonisolatedNonsendingByDefault -enable-experimental-feature DebugDescriptionMacro -sdk /Applications/Xcode.app/Contents/Developer/Platforms/iPhoneSimulator.platform/Developer/SDKs/iPhoneSimulator26.5.sdk -target x86_64-apple-ios26.5-simulator -g -module-cache-path /Users/comatoki/Library/Developer/Xcode/DerivedData/ModuleCache.noindex -Xfrontend -serialize-debugging-options -profile-coverage-mapping -profile-generate -enable-testing -index-store-path /Users/comatoki/Library/Developer/Xcode/DerivedData/TrisPlaceRecognitionDemo-aqkehtsmqjdkmwdjjikxgxbhkgwv/Index.noindex/DataStore -Xcc -D_LIBCPP_HARDENING_MODE\=_LIBCPP_HARDENING_MODE_DEBUG -swift-version 5 -I /Users/comatoki/Library/Developer/Xcode/DerivedData/TrisPlaceRecognitionDemo-aqkehtsmqjdkmwdjjikxgxbhkgwv/Build/Products/Debug-iphonesimulator -F /Users/comatoki/Library/Developer/Xcode/DerivedData/TrisPlaceRecognitionDemo-aqkehtsmqjdkmwdjjikxgxbhkgwv/Build/Products/Debug-iphonesimulator/PackageFrameworks -F /Users/comatoki/Library/Developer/Xcode/DerivedData/TrisPlaceRecognitionDemo-aqkehtsmqjdkmwdjjikxgxbhkgwv/Build/Products/Debug-iphonesimulator/PackageFrameworks -F /Users/comatoki/Library/Developer/Xcode/DerivedData/TrisPlaceRecognitionDemo-aqkehtsmqjdkmwdjjikxgxbhkgwv/Build/Products/Debug-iphonesimulator -emit-localized-strings -emit-localized-strings-path /Users/comatoki/Library/Developer/Xcode/DerivedData/TrisPlaceRecognitionDemo-aqkehtsmqjdkmwdjjikxgxbhkgwv/Build/Intermediates.noindex/TrisPlaceRecognitionDemo.build/Debug-iphonesimulator/TrisPlaceRecognitionDemo.build/Objects-normal/x86_64 -c -j16 -enable-batch-mode -incremental -Xcc -ivfsstatcache -Xcc /Users/comatoki/Library/Developer/Xcode/DerivedData/SDKStatCaches.noindex/iphonesimulator26.5-23F73-6cfe768891a92b912361537c460fe42b.sdkstatcache -output-file-map /Users/comatoki/Library/Developer/Xcode/DerivedData/TrisPlaceRecognitionDemo-aqkehtsmqjdkmwdjjikxgxbhkgwv/Build/Intermediates.noindex/TrisPlaceRecognitionDemo.build/Debug-iphonesimulator/TrisPlaceRecognitionDemo.build/Objects-normal/x86_64/TrisPlaceRecognitionDemo-OutputFileMap.json -use-frontend-parseable-output -save-temps -no-color-diagnostics -explicit-module-build -module-cache-path /Users/comatoki/Library/Developer/Xcode/DerivedData/TrisPlaceRecognitionDemo-aqkehtsmqjdkmwdjjikxgxbhkgwv/Build/Intermediates.noindex/SwiftExplicitPrecompiledModules -clang-scanner-module-cache-path /Users/comatoki/Library/Developer/Xcode/DerivedData/ModuleCache.noindex -sdk-module-cache-path /Users/comatoki/Library/Developer/Xcode/DerivedData/ModuleCache.noindex -serialize-diagnostics -emit-dependencies -emit-module -emit-module-path /Users/comatoki/Library/Developer/Xcode/DerivedData/TrisPlaceRecognitionDemo-aqkehtsmqjdkmwdjjikxgxbhkgwv/Build/Intermediates.noindex/TrisPlaceRecognitionDemo.build/Debug-iphonesimulator/TrisPlaceRecognitionDemo.build/Objects-normal/x86_64/TrisPlaceRecognitionDemo.swiftmodule -validate-clang-modules-once -clang-build-session-file /Users/comatoki/Library/Developer/Xcode/DerivedData/ModuleCache.noindex/Session.modulevalidation -Xcc -I/Users/comatoki/Library/Developer/Xcode/DerivedData/TrisPlaceRecognitionDemo-aqkehtsmqjdkmwdjjikxgxbhkgwv/Build/Intermediates.noindex/TrisPlaceRecognitionDemo.build/Debug-iphonesimulator/TrisPlaceRecognitionDemo.build/swift-overrides.hmap -emit-const-values -Xfrontend -const-gather-protocols-file -Xfrontend /Users/comatoki/Library/Developer/Xcode/DerivedData/TrisPlaceRecognitionDemo-aqkehtsmqjdkmwdjjikxgxbhkgwv/Build/Intermediates.noindex/TrisPlaceRecognitionDemo.build/Debug-iphonesimulator/TrisPlaceRecognitionDemo.build/Objects-normal/x86_64/TrisPlaceRecognitionDemo_const_extract_protocols.json -Xcc -iquote -Xcc /Users/comatoki/Library/Developer/Xcode/DerivedData/TrisPlaceRecognitionDemo-aqkehtsmqjdkmwdjjikxgxbhkgwv/Build/Intermediates.noindex/TrisPlaceRecognitionDemo.build/Debug-iphonesimulator/TrisPlaceRecognitionDemo.build/TrisPlaceRecognitionDemo-generated-files.hmap -Xcc -I/Users/comatoki/Library/Developer/Xcode/DerivedData/TrisPlaceRecognitionDemo-aqkehtsmqjdkmwdjjikxgxbhkgwv/Build/Intermediates.noindex/TrisPlaceRecognitionDemo.build/Debug-iphonesimulator/TrisPlaceRecognitionDemo.build/TrisPlaceRecognitionDemo-own-target-headers.hmap -Xcc -I/Users/comatoki/Library/Developer/Xcode/DerivedData/TrisPlaceRecognitionDemo-aqkehtsmqjdkmwdjjikxgxbhkgwv/Build/Intermediates.noindex/TrisPlaceRecognitionDemo.build/Debug-iphonesimulator/TrisPlaceRecognitionDemo.build/TrisPlaceRecognitionDemo-all-non-framework-target-headers.hmap -Xcc -ivfsoverlay -Xcc /Users/comatoki/Library/Developer/Xcode/DerivedData/TrisPlaceRecognitionDemo-aqkehtsmqjdkmwdjjikxgxbhkgwv/Build/Intermediates.noindex/TrisPlaceRecognitionDemo.build/Debug-iphonesimulator/TrisPlaceRecognitionDemo-af5a59805aafc1b664963b1058eefbee-VFS-iphonesimulator/all-product-headers.yaml -Xcc -iquote -Xcc /Users/comatoki/Library/Developer/Xcode/DerivedData/TrisPlaceRecognitionDemo-aqkehtsmqjdkmwdjjikxgxbhkgwv/Build/Intermediates.noindex/TrisPlaceRecognitionDemo.build/Debug-iphonesimulator/TrisPlaceRecognitionDemo.build/TrisPlaceRecognitionDemo-project-headers.hmap -Xcc -I/Users/comatoki/Library/Developer/Xcode/DerivedData/TrisPlaceRecognitionDemo-aqkehtsmqjdkmwdjjikxgxbhkgwv/Build/Products/Debug-iphonesimulator/include -Xcc -I/Users/comatoki/Library/Developer/Xcode/DerivedData/TrisPlaceRecognitionDemo-aqkehtsmqjdkmwdjjikxgxbhkgwv/Build/Intermediates.noindex/TrisPlaceRecognitionDemo.build/Debug-iphonesimulator/TrisPlaceRecognitionDemo.build/DerivedSources-normal/x86_64 -Xcc -I/Users/comatoki/Library/Developer/Xcode/DerivedData/TrisPlaceRecognitionDemo-aqkehtsmqjdkmwdjjikxgxbhkgwv/Build/Intermediates.noindex/TrisPlaceRecognitionDemo.build/Debug-iphonesimulator/TrisPlaceRecognitionDemo.build/DerivedSources/x86_64 -Xcc -I/Users/comatoki/Library/Developer/Xcode/DerivedData/TrisPlaceRecognitionDemo-aqkehtsmqjdkmwdjjikxgxbhkgwv/Build/Intermediates.noindex/TrisPlaceRecognitionDemo.build/Debug-iphonesimulator/TrisPlaceRecognitionDemo.build/DerivedSources -Xcc -DDEBUG\=1 -emit-objc-header -emit-objc-header-path /Users/comatoki/Library/Developer/Xcode/DerivedData/TrisPlaceRecognitionDemo-aqkehtsmqjdkmwdjjikxgxbhkgwv/Build/Intermediates.noindex/TrisPlaceRecognitionDemo.build/Debug-iphonesimulator/TrisPlaceRecognitionDemo.build/Objects-normal/x86_64/TrisPlaceRecognitionDemo-Swift.h -working-directory /Users/comatoki/Documents/iOS\ Project/Libraries/TrisPlaceRecognitionKit/Examples/TrisPlaceRecognitionDemo -experimental-emit-module-separately -disable-cmo

SwiftDriver TrisPlaceRecognitionDemo normal arm64 com.apple.xcode.tools.swift.compiler (in target 'TrisPlaceRecognitionDemo' from project 'TrisPlaceRecognitionDemo')
    cd /Users/comatoki/Documents/iOS\ Project/Libraries/TrisPlaceRecognitionKit/Examples/TrisPlaceRecognitionDemo
    builtin-SwiftDriver -- /Applications/Xcode.app/Contents/Developer/Toolchains/XcodeDefault.xctoolchain/usr/bin/swiftc -module-name TrisPlaceRecognitionDemo -Onone @/Users/comatoki/Library/Developer/Xcode/DerivedData/TrisPlaceRecognitionDemo-aqkehtsmqjdkmwdjjikxgxbhkgwv/Build/Intermediates.noindex/TrisPlaceRecognitionDemo.build/Debug-iphonesimulator/TrisPlaceRecognitionDemo.build/Objects-normal/arm64/TrisPlaceRecognitionDemo.SwiftFileList -DDEBUG -default-isolation\=MainActor -enable-bare-slash-regex -enable-upcoming-feature DisableOutwardActorInference -enable-upcoming-feature InferSendableFromCaptures -enable-upcoming-feature GlobalActorIsolatedTypesUsability -enable-upcoming-feature MemberImportVisibility -enable-upcoming-feature InferIsolatedConformances -enable-upcoming-feature NonisolatedNonsendingByDefault -enable-experimental-feature DebugDescriptionMacro -sdk /Applications/Xcode.app/Contents/Developer/Platforms/iPhoneSimulator.platform/Developer/SDKs/iPhoneSimulator26.5.sdk -target arm64-apple-ios26.5-simulator -g -module-cache-path /Users/comatoki/Library/Developer/Xcode/DerivedData/ModuleCache.noindex -Xfrontend -serialize-debugging-options -profile-coverage-mapping -profile-generate -enable-testing -index-store-path /Users/comatoki/Library/Developer/Xcode/DerivedData/TrisPlaceRecognitionDemo-aqkehtsmqjdkmwdjjikxgxbhkgwv/Index.noindex/DataStore -Xcc -D_LIBCPP_HARDENING_MODE\=_LIBCPP_HARDENING_MODE_DEBUG -swift-version 5 -I /Users/comatoki/Library/Developer/Xcode/DerivedData/TrisPlaceRecognitionDemo-aqkehtsmqjdkmwdjjikxgxbhkgwv/Build/Products/Debug-iphonesimulator -F /Users/comatoki/Library/Developer/Xcode/DerivedData/TrisPlaceRecognitionDemo-aqkehtsmqjdkmwdjjikxgxbhkgwv/Build/Products/Debug-iphonesimulator/PackageFrameworks -F /Users/comatoki/Library/Developer/Xcode/DerivedData/TrisPlaceRecognitionDemo-aqkehtsmqjdkmwdjjikxgxbhkgwv/Build/Products/Debug-iphonesimulator/PackageFrameworks -F /Users/comatoki/Library/Developer/Xcode/DerivedData/TrisPlaceRecognitionDemo-aqkehtsmqjdkmwdjjikxgxbhkgwv/Build/Products/Debug-iphonesimulator -emit-localized-strings -emit-localized-strings-path /Users/comatoki/Library/Developer/Xcode/DerivedData/TrisPlaceRecognitionDemo-aqkehtsmqjdkmwdjjikxgxbhkgwv/Build/Intermediates.noindex/TrisPlaceRecognitionDemo.build/Debug-iphonesimulator/TrisPlaceRecognitionDemo.build/Objects-normal/arm64 -c -j16 -enable-batch-mode -incremental -Xcc -ivfsstatcache -Xcc /Users/comatoki/Library/Developer/Xcode/DerivedData/SDKStatCaches.noindex/iphonesimulator26.5-23F73-6cfe768891a92b912361537c460fe42b.sdkstatcache -output-file-map /Users/comatoki/Library/Developer/Xcode/DerivedData/TrisPlaceRecognitionDemo-aqkehtsmqjdkmwdjjikxgxbhkgwv/Build/Intermediates.noindex/TrisPlaceRecognitionDemo.build/Debug-iphonesimulator/TrisPlaceRecognitionDemo.build/Objects-normal/arm64/TrisPlaceRecognitionDemo-OutputFileMap.json -use-frontend-parseable-output -save-temps -no-color-diagnostics -explicit-module-build -module-cache-path /Users/comatoki/Library/Developer/Xcode/DerivedData/TrisPlaceRecognitionDemo-aqkehtsmqjdkmwdjjikxgxbhkgwv/Build/Intermediates.noindex/SwiftExplicitPrecompiledModules -clang-scanner-module-cache-path /Users/comatoki/Library/Developer/Xcode/DerivedData/ModuleCache.noindex -sdk-module-cache-path /Users/comatoki/Library/Developer/Xcode/DerivedData/ModuleCache.noindex -serialize-diagnostics -emit-dependencies -emit-module -emit-module-path /Users/comatoki/Library/Developer/Xcode/DerivedData/TrisPlaceRecognitionDemo-aqkehtsmqjdkmwdjjikxgxbhkgwv/Build/Intermediates.noindex/TrisPlaceRecognitionDemo.build/Debug-iphonesimulator/TrisPlaceRecognitionDemo.build/Objects-normal/arm64/TrisPlaceRecognitionDemo.swiftmodule -validate-clang-modules-once -clang-build-session-file /Users/comatoki/Library/Developer/Xcode/DerivedData/ModuleCache.noindex/Session.modulevalidation -Xcc -I/Users/comatoki/Library/Developer/Xcode/DerivedData/TrisPlaceRecognitionDemo-aqkehtsmqjdkmwdjjikxgxbhkgwv/Build/Intermediates.noindex/TrisPlaceRecognitionDemo.build/Debug-iphonesimulator/TrisPlaceRecognitionDemo.build/swift-overrides.hmap -emit-const-values -Xfrontend -const-gather-protocols-file -Xfrontend /Users/comatoki/Library/Developer/Xcode/DerivedData/TrisPlaceRecognitionDemo-aqkehtsmqjdkmwdjjikxgxbhkgwv/Build/Intermediates.noindex/TrisPlaceRecognitionDemo.build/Debug-iphonesimulator/TrisPlaceRecognitionDemo.build/Objects-normal/arm64/TrisPlaceRecognitionDemo_const_extract_protocols.json -Xcc -iquote -Xcc /Users/comatoki/Library/Developer/Xcode/DerivedData/TrisPlaceRecognitionDemo-aqkehtsmqjdkmwdjjikxgxbhkgwv/Build/Intermediates.noindex/TrisPlaceRecognitionDemo.build/Debug-iphonesimulator/TrisPlaceRecognitionDemo.build/TrisPlaceRecognitionDemo-generated-files.hmap -Xcc -I/Users/comatoki/Library/Developer/Xcode/DerivedData/TrisPlaceRecognitionDemo-aqkehtsmqjdkmwdjjikxgxbhkgwv/Build/Intermediates.noindex/TrisPlaceRecognitionDemo.build/Debug-iphonesimulator/TrisPlaceRecognitionDemo.build/TrisPlaceRecognitionDemo-own-target-headers.hmap -Xcc -I/Users/comatoki/Library/Developer/Xcode/DerivedData/TrisPlaceRecognitionDemo-aqkehtsmqjdkmwdjjikxgxbhkgwv/Build/Intermediates.noindex/TrisPlaceRecognitionDemo.build/Debug-iphonesimulator/TrisPlaceRecognitionDemo.build/TrisPlaceRecognitionDemo-all-non-framework-target-headers.hmap -Xcc -ivfsoverlay -Xcc /Users/comatoki/Library/Developer/Xcode/DerivedData/TrisPlaceRecognitionDemo-aqkehtsmqjdkmwdjjikxgxbhkgwv/Build/Intermediates.noindex/TrisPlaceRecognitionDemo.build/Debug-iphonesimulator/TrisPlaceRecognitionDemo-af5a59805aafc1b664963b1058eefbee-VFS-iphonesimulator/all-product-headers.yaml -Xcc -iquote -Xcc /Users/comatoki/Library/Developer/Xcode/DerivedData/TrisPlaceRecognitionDemo-aqkehtsmqjdkmwdjjikxgxbhkgwv/Build/Intermediates.noindex/TrisPlaceRecognitionDemo.build/Debug-iphonesimulator/TrisPlaceRecognitionDemo.build/TrisPlaceRecognitionDemo-project-headers.hmap -Xcc -I/Users/comatoki/Library/Developer/Xcode/DerivedData/TrisPlaceRecognitionDemo-aqkehtsmqjdkmwdjjikxgxbhkgwv/Build/Products/Debug-iphonesimulator/include -Xcc -I/Users/comatoki/Library/Developer/Xcode/DerivedData/TrisPlaceRecognitionDemo-aqkehtsmqjdkmwdjjikxgxbhkgwv/Build/Intermediates.noindex/TrisPlaceRecognitionDemo.build/Debug-iphonesimulator/TrisPlaceRecognitionDemo.build/DerivedSources-normal/arm64 -Xcc -I/Users/comatoki/Library/Developer/Xcode/DerivedData/TrisPlaceRecognitionDemo-aqkehtsmqjdkmwdjjikxgxbhkgwv/Build/Intermediates.noindex/TrisPlaceRecognitionDemo.build/Debug-iphonesimulator/TrisPlaceRecognitionDemo.build/DerivedSources/arm64 -Xcc -I/Users/comatoki/Library/Developer/Xcode/DerivedData/TrisPlaceRecognitionDemo-aqkehtsmqjdkmwdjjikxgxbhkgwv/Build/Intermediates.noindex/TrisPlaceRecognitionDemo.build/Debug-iphonesimulator/TrisPlaceRecognitionDemo.build/DerivedSources -Xcc -DDEBUG\=1 -emit-objc-header -emit-objc-header-path /Users/comatoki/Library/Developer/Xcode/DerivedData/TrisPlaceRecognitionDemo-aqkehtsmqjdkmwdjjikxgxbhkgwv/Build/Intermediates.noindex/TrisPlaceRecognitionDemo.build/Debug-iphonesimulator/TrisPlaceRecognitionDemo.build/Objects-normal/arm64/TrisPlaceRecognitionDemo-Swift.h -working-directory /Users/comatoki/Documents/iOS\ Project/Libraries/TrisPlaceRecognitionKit/Examples/TrisPlaceRecognitionDemo -experimental-emit-module-separately -disable-cmo

ProcessInfoPlistFile /Users/comatoki/Library/Developer/Xcode/DerivedData/TrisPlaceRecognitionDemo-aqkehtsmqjdkmwdjjikxgxbhkgwv/Build/Products/Debug-iphonesimulator/TrisPlaceRecognitionDemo.app/Info.plist /Users/comatoki/Library/Developer/Xcode/DerivedData/TrisPlaceRecognitionDemo-aqkehtsmqjdkmwdjjikxgxbhkgwv/Build/Intermediates.noindex/TrisPlaceRecognitionDemo.build/Debug-iphonesimulator/TrisPlaceRecognitionDemo.build/empty-TrisPlaceRecognitionDemo.plist (in target 'TrisPlaceRecognitionDemo' from project 'TrisPlaceRecognitionDemo')
    cd /Users/comatoki/Documents/iOS\ Project/Libraries/TrisPlaceRecognitionKit/Examples/TrisPlaceRecognitionDemo
    builtin-infoPlistUtility /Users/comatoki/Library/Developer/Xcode/DerivedData/TrisPlaceRecognitionDemo-aqkehtsmqjdkmwdjjikxgxbhkgwv/Build/Intermediates.noindex/TrisPlaceRecognitionDemo.build/Debug-iphonesimulator/TrisPlaceRecognitionDemo.build/empty-TrisPlaceRecognitionDemo.plist -producttype com.apple.product-type.application -genpkginfo /Users/comatoki/Library/Developer/Xcode/DerivedData/TrisPlaceRecognitionDemo-aqkehtsmqjdkmwdjjikxgxbhkgwv/Build/Products/Debug-iphonesimulator/TrisPlaceRecognitionDemo.app/PkgInfo -expandbuildsettings -format binary -platform iphonesimulator -additionalcontentfile /Users/comatoki/Library/Developer/Xcode/DerivedData/TrisPlaceRecognitionDemo-aqkehtsmqjdkmwdjjikxgxbhkgwv/Build/Intermediates.noindex/TrisPlaceRecognitionDemo.build/Debug-iphonesimulator/TrisPlaceRecognitionDemo.build/assetcatalog_generated_info.plist -o /Users/comatoki/Library/Developer/Xcode/DerivedData/TrisPlaceRecognitionDemo-aqkehtsmqjdkmwdjjikxgxbhkgwv/Build/Products/Debug-iphonesimulator/TrisPlaceRecognitionDemo.app/Info.plist

SwiftExplicitDependencyGeneratePcm x86_64 /Users/comatoki/Library/Developer/Xcode/DerivedData/ModuleCache.noindex/_AvailabilityInternal-6S8O2710HGZGMCK6FJADFFOWT.pcm

SwiftExplicitDependencyGeneratePcm x86_64 /Users/comatoki/Library/Developer/Xcode/DerivedData/ModuleCache.noindex/_Builtin_stdarg-E29NKHN77TVOM6X1WDC8HVRUZ.pcm

SwiftExplicitDependencyGeneratePcm x86_64 /Users/comatoki/Library/Developer/Xcode/DerivedData/ModuleCache.noindex/SwiftShims-EBFX848EVM27XUAI5D53XRHWZ.pcm

SwiftExplicitDependencyGeneratePcm x86_64 /Users/comatoki/Library/Developer/Xcode/DerivedData/ModuleCache.noindex/ptrcheck-3U5UZZWP4BFP9KUCD2916MSPX.pcm

SwiftExplicitDependencyGeneratePcm x86_64 /Users/comatoki/Library/Developer/Xcode/DerivedData/ModuleCache.noindex/ptrauth-2TA22HZII2YC86YSR3I6FXJS1.pcm

SwiftExplicitDependencyGeneratePcm x86_64 /Users/comatoki/Library/Developer/Xcode/DerivedData/ModuleCache.noindex/DeveloperToolsSupport-1O05MCVRLZWQBZKL20CBWVPPE.pcm

SwiftExplicitDependencyGeneratePcm x86_64 /Users/comatoki/Library/Developer/Xcode/DerivedData/ModuleCache.noindex/_Builtin_stdbool-9LG7WO2VZS94JIIEV5QC8IFKR.pcm

SwiftExplicitDependencyGeneratePcm x86_64 /Users/comatoki/Library/Developer/Xcode/DerivedData/ModuleCache.noindex/_Builtin_stddef-E2SLI8P0QICAE7JEA8CMOYAJF.pcm

SwiftExplicitDependencyGeneratePcm x86_64 /Users/comatoki/Library/Developer/Xcode/DerivedData/ModuleCache.noindex/_Builtin_float-BQRJXBURTW1B8H264TEAO5U9.pcm

SwiftExplicitDependencyGeneratePcm x86_64 /Users/comatoki/Library/Developer/Xcode/DerivedData/ModuleCache.noindex/_SwiftConcurrencyShims-DHKGK4723STLS7LR1L8PRYWA8.pcm

SwiftExplicitDependencyGeneratePcm arm64 /Users/comatoki/Library/Developer/Xcode/DerivedData/ModuleCache.noindex/_SwiftConcurrencyShims-BI6CR7TADZGJH4R3RKUWDU8BM.pcm

SwiftExplicitDependencyGeneratePcm arm64 /Users/comatoki/Library/Developer/Xcode/DerivedData/ModuleCache.noindex/ptrauth-EYD0W7EATYGMYFT69RRS0EI8Q.pcm

SwiftExplicitDependencyGeneratePcm arm64 /Users/comatoki/Library/Developer/Xcode/DerivedData/ModuleCache.noindex/_Builtin_stddef-2A3KKBDEZ18UMYME3197RN5VI.pcm

SwiftExplicitDependencyGeneratePcm arm64 /Users/comatoki/Library/Developer/Xcode/DerivedData/ModuleCache.noindex/_Builtin_stdbool-E0TY42JHEOKMTTOXHJQAG089F.pcm

SwiftExplicitDependencyGeneratePcm arm64 /Users/comatoki/Library/Developer/Xcode/DerivedData/ModuleCache.noindex/_Builtin_float-8C40BCMRPSQIYS280BE1HPQJK.pcm

SwiftExplicitDependencyGeneratePcm arm64 /Users/comatoki/Library/Developer/Xcode/DerivedData/ModuleCache.noindex/_AvailabilityInternal-5D59ZW767OP5XN6M0T71M0JPR.pcm

SwiftExplicitDependencyGeneratePcm arm64 /Users/comatoki/Library/Developer/Xcode/DerivedData/ModuleCache.noindex/_Builtin_stdarg-69JYQQFK9Q4F9IIB3GMOMUWLH.pcm

SwiftExplicitDependencyGeneratePcm arm64 /Users/comatoki/Library/Developer/Xcode/DerivedData/ModuleCache.noindex/ptrcheck-5LFAI9TUOQ5PCFCBOU6MA1E8R.pcm

SwiftExplicitDependencyGeneratePcm arm64 /Users/comatoki/Library/Developer/Xcode/DerivedData/ModuleCache.noindex/SwiftShims-4AOWUAORHL9HWY2MN74PE32KM.pcm

SwiftExplicitDependencyGeneratePcm x86_64 /Users/comatoki/Library/Developer/Xcode/DerivedData/ModuleCache.noindex/_DarwinFoundation1-8682GBZX1P2OGCUMIZJYPOAOL.pcm

SwiftExplicitDependencyGeneratePcm arm64 /Users/comatoki/Library/Developer/Xcode/DerivedData/ModuleCache.noindex/DeveloperToolsSupport-32CDNJR04500Y43CCRU3IHVX5.pcm

SwiftExplicitDependencyGeneratePcm arm64 /Users/comatoki/Library/Developer/Xcode/DerivedData/ModuleCache.noindex/_DarwinFoundation1-3E1X1HMPB493WW58CGLT1RSZZ.pcm

SwiftExplicitDependencyGeneratePcm x86_64 /Users/comatoki/Library/Developer/Xcode/DerivedData/ModuleCache.noindex/ExtensionFoundation-6R4G1UUYHM1UTBWQJO812H4Z5.pcm

SwiftExplicitDependencyGeneratePcm x86_64 /Users/comatoki/Library/Developer/Xcode/DerivedData/ModuleCache.noindex/_DarwinFoundation2-JS0S1TS9F4VJEJ9SG4GG9KFJ.pcm

SwiftExplicitDependencyGeneratePcm x86_64 /Users/comatoki/Library/Developer/Xcode/DerivedData/ModuleCache.noindex/_Builtin_limits-B450AMIFIVQWTTXVBVYVXWPON.pcm

SwiftExplicitDependencyGeneratePcm arm64 /Users/comatoki/Library/Developer/Xcode/DerivedData/ModuleCache.noindex/_Builtin_limits-6D53KBKVTYAB3BC8QLHMV5ON9.pcm

SwiftExplicitDependencyGeneratePcm arm64 /Users/comatoki/Library/Developer/Xcode/DerivedData/ModuleCache.noindex/ExtensionFoundation-NV8GU5EWHB6DCF7A4P5G81EZ.pcm

SwiftExplicitDependencyGeneratePcm arm64 /Users/comatoki/Library/Developer/Xcode/DerivedData/ModuleCache.noindex/_DarwinFoundation2-2K8QZ84VNTB0DT1QSCBRLCPV0.pcm

SwiftExplicitDependencyGeneratePcm x86_64 /Users/comatoki/Library/Developer/Xcode/DerivedData/ModuleCache.noindex/sys_types-2SVWGROQZ4ZT47O61LWUQ1K2.pcm

SwiftExplicitDependencyGeneratePcm x86_64 /Users/comatoki/Library/Developer/Xcode/DerivedData/ModuleCache.noindex/_Builtin_stdint-96DXFYVDD41OM0HNPUEKD0Z77.pcm

SwiftExplicitDependencyGeneratePcm x86_64 /Users/comatoki/Library/Developer/Xcode/DerivedData/ModuleCache.noindex/_Builtin_tgmath-FE3Y7J9P9TKRP17WQQLJBAG1.pcm

SwiftExplicitDependencyGeneratePcm x86_64 /Users/comatoki/Library/Developer/Xcode/DerivedData/ModuleCache.noindex/_Builtin_stdatomic-4GVUTGCRZQPY7KFYHQ6ACSGL0.pcm

SwiftExplicitDependencyGeneratePcm x86_64 /Users/comatoki/Library/Developer/Xcode/DerivedData/ModuleCache.noindex/_DarwinFoundation3-7WA7YT40QQH0GQS656DFKC195.pcm

SwiftExplicitDependencyGeneratePcm arm64 /Users/comatoki/Library/Developer/Xcode/DerivedData/ModuleCache.noindex/sys_types-74LYZH1PT4WCHRYS89S70FMD0.pcm

SwiftExplicitDependencyGeneratePcm arm64 /Users/comatoki/Library/Developer/Xcode/DerivedData/ModuleCache.noindex/_Builtin_stdint-C723B8NZW2JK14SF6PWAUO8HY.pcm

SwiftExplicitDependencyGeneratePcm arm64 /Users/comatoki/Library/Developer/Xcode/DerivedData/ModuleCache.noindex/_Builtin_tgmath-AW7CT875VQRIKI02B2DS55D0R.pcm

SwiftExplicitDependencyGeneratePcm arm64 /Users/comatoki/Library/Developer/Xcode/DerivedData/ModuleCache.noindex/_Builtin_intrinsics-92AFCZ8B93S7HCFDXAHX50K8Y.pcm

SwiftExplicitDependencyGeneratePcm arm64 /Users/comatoki/Library/Developer/Xcode/DerivedData/ModuleCache.noindex/_Builtin_stdatomic-3YIHZA2C5XC1GT0RXJ95Y0Q7P.pcm

SwiftExplicitDependencyGeneratePcm arm64 /Users/comatoki/Library/Developer/Xcode/DerivedData/ModuleCache.noindex/_DarwinFoundation3-7P3TXSHEF0R0PQ1I56KD19F16.pcm

SwiftExplicitDependencyGeneratePcm x86_64 /Users/comatoki/Library/Developer/Xcode/DerivedData/ModuleCache.noindex/_Builtin_intrinsics-7D03PYZV241GG3RYPDPZ97O70.pcm

SwiftExplicitDependencyGeneratePcm x86_64 /Users/comatoki/Library/Developer/Xcode/DerivedData/ModuleCache.noindex/_Builtin_inttypes-60H3BMUDM7QSFL38Y9UWNOCPX.pcm

SwiftExplicitDependencyGeneratePcm x86_64 /Users/comatoki/Library/Developer/Xcode/DerivedData/ModuleCache.noindex/Darwin-1N1MOGI66TUGWHT39OWDHUQSS.pcm

SwiftExplicitDependencyGeneratePcm arm64 /Users/comatoki/Library/Developer/Xcode/DerivedData/ModuleCache.noindex/_Builtin_inttypes-DOFNJ7FBR1BHWW13L4SRV7HAA.pcm

SwiftExplicitDependencyGeneratePcm arm64 /Users/comatoki/Library/Developer/Xcode/DerivedData/ModuleCache.noindex/Darwin-6TBWAQ8U5143E4OMKY3DQOYH7.pcm

SwiftExplicitDependencyGeneratePcm arm64 /Users/comatoki/Library/Developer/Xcode/DerivedData/ModuleCache.noindex/simd-49ALJO1CFPH72H8BBDWSOXXL6.pcm

SwiftExplicitDependencyGeneratePcm x86_64 /Users/comatoki/Library/Developer/Xcode/DerivedData/ModuleCache.noindex/MachO-B71R2H2528D0RIYEWMIRGFWEG.pcm

SwiftExplicitDependencyGeneratePcm x86_64 /Users/comatoki/Library/Developer/Xcode/DerivedData/ModuleCache.noindex/ObjectiveC-5MXO1S00SC8RAVQBRCFR0PY5F.pcm

SwiftExplicitDependencyGeneratePcm x86_64 /Users/comatoki/Library/Developer/Xcode/DerivedData/ModuleCache.noindex/os_object-4YJ6I3N61NVDP45N60X2U4Z8U.pcm

SwiftExplicitDependencyGeneratePcm arm64 /Users/comatoki/Library/Developer/Xcode/DerivedData/ModuleCache.noindex/ObjectiveC-F46USDASP1M96TVGRA47ZVWY5.pcm

SwiftExplicitDependencyGeneratePcm x86_64 /Users/comatoki/Library/Developer/Xcode/DerivedData/ModuleCache.noindex/simd-ETGEKY0815KWFH34ZHQNVT21I.pcm

SwiftExplicitDependencyGeneratePcm arm64 /Users/comatoki/Library/Developer/Xcode/DerivedData/ModuleCache.noindex/MachO-5LS839HJJSBW54HD7F3A9HMQV.pcm

SwiftExplicitDependencyGeneratePcm x86_64 /Users/comatoki/Library/Developer/Xcode/DerivedData/ModuleCache.noindex/os_workgroup-1N0C4YXLFS2QS869746TF1W2A.pcm

SwiftExplicitDependencyGeneratePcm arm64 /Users/comatoki/Library/Developer/Xcode/DerivedData/ModuleCache.noindex/os_object-AS842HYABZ852GOOSX9BWVPXZ.pcm

SwiftExplicitDependencyGeneratePcm x86_64 /Users/comatoki/Library/Developer/Xcode/DerivedData/ModuleCache.noindex/Dispatch-83BK7SAOUDVE9VP48JM7N2OOI.pcm

SwiftExplicitDependencyGeneratePcm arm64 /Users/comatoki/Library/Developer/Xcode/DerivedData/ModuleCache.noindex/os_workgroup-DO9K4TD6CY7WZTB49VHEVMNG1.pcm

SwiftExplicitDependencyGeneratePcm x86_64 /Users/comatoki/Library/Developer/Xcode/DerivedData/ModuleCache.noindex/CoreFoundation-37LFSEJIGVQIYTYZHNTITLK1D.pcm

SwiftExplicitDependencyGeneratePcm x86_64 /Users/comatoki/Library/Developer/Xcode/DerivedData/ModuleCache.noindex/XPC-EV4MPIK8DDHRBJUWX90O9L768.pcm

SwiftExplicitDependencyGeneratePcm x86_64 /Users/comatoki/Library/Developer/Xcode/DerivedData/ModuleCache.noindex/dnssd-6F79T3ICLFXSBVA9WF0D9I2FM.pcm

SwiftExplicitDependencyGeneratePcm arm64 /Users/comatoki/Library/Developer/Xcode/DerivedData/ModuleCache.noindex/Dispatch-C8FRQMSC4CKWUMIT5KJ2W6MK5.pcm

SwiftExplicitDependencyGeneratePcm x86_64 /Users/comatoki/Library/Developer/Xcode/DerivedData/ModuleCache.noindex/os-3UIP7VHQJOIBACOMYNOJA89DP.pcm

SwiftExplicitDependencyGeneratePcm arm64 /Users/comatoki/Library/Developer/Xcode/DerivedData/ModuleCache.noindex/Spatial-2UROZ91VLDRJQR93QWD3V9M4B.pcm

SwiftExplicitDependencyGeneratePcm x86_64 /Users/comatoki/Library/Developer/Xcode/DerivedData/ModuleCache.noindex/CFNetwork-B308YY96ADE1Y4RQ5IPXG8N9U.pcm

SwiftExplicitDependencyGeneratePcm x86_64 /Users/comatoki/Library/Developer/Xcode/DerivedData/ModuleCache.noindex/CoreGraphics-5WP1IOOWIBOM5FR9F5H1IM8W8.pcm

SwiftExplicitDependencyGeneratePcm x86_64 /Users/comatoki/Library/Developer/Xcode/DerivedData/ModuleCache.noindex/Security-3ED3SNDLGU0RL3S1G49JFKRBW.pcm

SwiftExplicitDependencyGeneratePcm arm64 /Users/comatoki/Library/Developer/Xcode/DerivedData/ModuleCache.noindex/dnssd-3LCLCP1A4P9SG3E3YBV8ZG2T1.pcm

SwiftExplicitDependencyGeneratePcm arm64 /Users/comatoki/Library/Developer/Xcode/DerivedData/ModuleCache.noindex/CoreFoundation-2S2702X42GO8TYEMKQOVTH500.pcm

SwiftExplicitDependencyGeneratePcm arm64 /Users/comatoki/Library/Developer/Xcode/DerivedData/ModuleCache.noindex/XPC-3772GMWL4AZVFUP26LY0S5H5O.pcm

SwiftExplicitDependencyGeneratePcm x86_64 /Users/comatoki/Library/Developer/Xcode/DerivedData/ModuleCache.noindex/ImageIO-9L3UJ8HQ5AI4IOL7H5Z9B4PRS.pcm

SwiftExplicitDependencyGeneratePcm x86_64 /Users/comatoki/Library/Developer/Xcode/DerivedData/ModuleCache.noindex/CoreText-B64CMXNFUJ1RZUGH7FEVVO4ZY.pcm

SwiftExplicitDependencyGeneratePcm x86_64 /Users/comatoki/Library/Developer/Xcode/DerivedData/ModuleCache.noindex/Foundation-BKAYCQFXOC4RS8SR48RAGKM3W.pcm

SwiftExplicitDependencyGeneratePcm arm64 /Users/comatoki/Library/Developer/Xcode/DerivedData/ModuleCache.noindex/os-B6QNQ7G7AG40YQTP4ARNBP6IQ.pcm

SwiftExplicitDependencyGeneratePcm x86_64 /Users/comatoki/Library/Developer/Xcode/DerivedData/ModuleCache.noindex/Spatial-EN9DN95HV6U4ND6OOQJVKURFK.pcm

SwiftExplicitDependencyGeneratePcm arm64 /Users/comatoki/Library/Developer/Xcode/DerivedData/ModuleCache.noindex/CoreGraphics-3QA8BL1XGA97WCQAAJ484AJZ2.pcm

SwiftExplicitDependencyGeneratePcm arm64 /Users/comatoki/Library/Developer/Xcode/DerivedData/ModuleCache.noindex/CFNetwork-9QTVK24DXTXV0GMS7S3FCMCA.pcm

SwiftExplicitDependencyGeneratePcm arm64 /Users/comatoki/Library/Developer/Xcode/DerivedData/ModuleCache.noindex/Security-4K0N9TPKRLXFF1UPEEU4G3AP0.pcm

SwiftExplicitDependencyGeneratePcm arm64 /Users/comatoki/Library/Developer/Xcode/DerivedData/ModuleCache.noindex/Foundation-2SDEH74F9E4X0M48CW27AC4O9.pcm

SwiftExplicitDependencyGeneratePcm arm64 /Users/comatoki/Library/Developer/Xcode/DerivedData/ModuleCache.noindex/ImageIO-DZQB7M05B2B09BM2SK7KPUMYH.pcm

SwiftExplicitDependencyGeneratePcm arm64 /Users/comatoki/Library/Developer/Xcode/DerivedData/ModuleCache.noindex/CoreText-2BUIAMT9C470OWM0P0K5CQXVN.pcm

SwiftExplicitDependencyGeneratePcm x86_64 /Users/comatoki/Library/Developer/Xcode/DerivedData/ModuleCache.noindex/OpenGLES-9BSBP2Z9EPQ347TU8EID9QEFQ.pcm

SwiftExplicitDependencyGeneratePcm x86_64 /Users/comatoki/Library/Developer/Xcode/DerivedData/ModuleCache.noindex/_LocationEssentials-ECRVC20R1B0LK63TU9P8DG9OG.pcm

SwiftExplicitDependencyGeneratePcm x86_64 /Users/comatoki/Library/Developer/Xcode/DerivedData/ModuleCache.noindex/LocalAuthentication-8XINCHJONN4S0UA9OGB7BM8CL.pcm

SwiftExplicitDependencyGeneratePcm x86_64 /Users/comatoki/Library/Developer/Xcode/DerivedData/ModuleCache.noindex/CoreTransferable-8WY3VUKN5UESUBKE6HEH3KZ3W.pcm

SwiftExplicitDependencyGeneratePcm x86_64 /Users/comatoki/Library/Developer/Xcode/DerivedData/ModuleCache.noindex/IOSurface-7X9UDJKKV0QVMDWE2C3LOATOU.pcm

SwiftExplicitDependencyGeneratePcm x86_64 /Users/comatoki/Library/Developer/Xcode/DerivedData/ModuleCache.noindex/UIUtilities-DWS4ORO8CHVL41M96MD8VFQIE.pcm

SwiftExplicitDependencyGeneratePcm x86_64 /Users/comatoki/Library/Developer/Xcode/DerivedData/ModuleCache.noindex/Accessibility-D39H2XXTYC20BDKNLXGLM3MAG.pcm

SwiftExplicitDependencyGeneratePcm x86_64 /Users/comatoki/Library/Developer/Xcode/DerivedData/ModuleCache.noindex/UniformTypeIdentifiers-CSIXZM1FJB8I1RZEP4ZNGZQVR.pcm

SwiftExplicitDependencyGeneratePcm x86_64 /Users/comatoki/Library/Developer/Xcode/DerivedData/ModuleCache.noindex/CoreData-DG6QEW6LE5MCNFVZN864FCEY5.pcm

SwiftExplicitDependencyGeneratePcm x86_64 /Users/comatoki/Library/Developer/Xcode/DerivedData/ModuleCache.noindex/FileProvider-E45F7G8ZJTF2OGTUY78Z9OXSN.pcm

SwiftExplicitDependencyGeneratePcm x86_64 /Users/comatoki/Library/Developer/Xcode/DerivedData/ModuleCache.noindex/UserNotifications-3XR2EHG45SBQU01O0YWAVQTNG.pcm

SwiftExplicitDependencyGeneratePcm x86_64 /Users/comatoki/Library/Developer/Xcode/DerivedData/ModuleCache.noindex/OSLog-6GSE4QJ4OXOWQXJHX5RE0YRZ0.pcm

SwiftExplicitDependencyGeneratePcm x86_64 /Users/comatoki/Library/Developer/Xcode/DerivedData/ModuleCache.noindex/Network-AJQMAL0AGD9S65DA7OFLIKSNI.pcm

SwiftExplicitDependencyGeneratePcm x86_64 /Users/comatoki/Library/Developer/Xcode/DerivedData/ModuleCache.noindex/DataDetection-6IUWZ73BNHI5X3FYWMGHIZ4QU.pcm

SwiftExplicitDependencyGeneratePcm x86_64 /Users/comatoki/Library/Developer/Xcode/DerivedData/ModuleCache.noindex/Symbols-BGL8W6DQVAP85500HRBQFY2WR.pcm

SwiftExplicitDependencyGeneratePcm x86_64 /Users/comatoki/Library/Developer/Xcode/DerivedData/ModuleCache.noindex/CoreLocation-1ZGI29AGJ85UJXFWXXBUZHOCR.pcm

SwiftExplicitDependencyGeneratePcm x86_64 /Users/comatoki/Library/Developer/Xcode/DerivedData/ModuleCache.noindex/Metal-C7T5ROSAEODLZCG82BIUG1IQ.pcm

SwiftExplicitDependencyGeneratePcm x86_64 /Users/comatoki/Library/Developer/Xcode/DerivedData/ModuleCache.noindex/NetworkExtension-71JP81RLH6QGBP9N1ZVRB18EO.pcm

SwiftExplicitDependencyGeneratePcm arm64 /Users/comatoki/Library/Developer/Xcode/DerivedData/ModuleCache.noindex/UserNotifications-B3T9G0LAOLM6YN0ON0LC9KV0P.pcm

SwiftExplicitDependencyGeneratePcm arm64 /Users/comatoki/Library/Developer/Xcode/DerivedData/ModuleCache.noindex/Network-2MT6FH1VGE9GTC79XGJJ8LEV6.pcm

SwiftExplicitDependencyGeneratePcm arm64 /Users/comatoki/Library/Developer/Xcode/DerivedData/ModuleCache.noindex/_LocationEssentials-3NON2J1TU1W6G9IAGCXL2D1E1.pcm

SwiftExplicitDependencyGeneratePcm arm64 /Users/comatoki/Library/Developer/Xcode/DerivedData/ModuleCache.noindex/UniformTypeIdentifiers-CF5WAD5YO6KDMDZ9MUNVE182S.pcm

SwiftExplicitDependencyGeneratePcm arm64 /Users/comatoki/Library/Developer/Xcode/DerivedData/ModuleCache.noindex/OpenGLES-86SA0OMUB5RJWO9B9QM3U8F88.pcm

SwiftExplicitDependencyGeneratePcm arm64 /Users/comatoki/Library/Developer/Xcode/DerivedData/ModuleCache.noindex/OSLog-AIPQ1X06KLGYSURG3Q6CAU0A.pcm

SwiftExplicitDependencyGeneratePcm arm64 /Users/comatoki/Library/Developer/Xcode/DerivedData/ModuleCache.noindex/Accessibility-4Y56I29SA6WAKHT2T7YHS2PDX.pcm

SwiftExplicitDependencyGeneratePcm arm64 /Users/comatoki/Library/Developer/Xcode/DerivedData/ModuleCache.noindex/CoreTransferable-3Q6Q1KORE0LPSIJOWOTD5BYMF.pcm

SwiftExplicitDependencyGeneratePcm arm64 /Users/comatoki/Library/Developer/Xcode/DerivedData/ModuleCache.noindex/Symbols-EAP7L76JZ2KZRNQGCFNQT8BFU.pcm

SwiftExplicitDependencyGeneratePcm arm64 /Users/comatoki/Library/Developer/Xcode/DerivedData/ModuleCache.noindex/CoreData-ENXAHN1C85WZBCYQ1QOWLJDJ7.pcm

SwiftExplicitDependencyGeneratePcm arm64 /Users/comatoki/Library/Developer/Xcode/DerivedData/ModuleCache.noindex/DataDetection-78Z2QFXZLJ7OBK09GUVQHG0BU.pcm

SwiftExplicitDependencyGeneratePcm arm64 /Users/comatoki/Library/Developer/Xcode/DerivedData/ModuleCache.noindex/UIUtilities-9WWOZ374ZA735HEWHV9Y8FXV.pcm

SwiftExplicitDependencyGeneratePcm arm64 /Users/comatoki/Library/Developer/Xcode/DerivedData/ModuleCache.noindex/FileProvider-AF7XTYU4AQZ1VXXT6M385WS1U.pcm

SwiftExplicitDependencyGeneratePcm arm64 /Users/comatoki/Library/Developer/Xcode/DerivedData/ModuleCache.noindex/IOSurface-62NZU0OW8J4VF7HJ3DXDRDC2Z.pcm

SwiftExplicitDependencyGeneratePcm arm64 /Users/comatoki/Library/Developer/Xcode/DerivedData/ModuleCache.noindex/LocalAuthentication-6DNRDGQFO8RQZ9BBA0BGR010G.pcm

SwiftExplicitDependencyGeneratePcm x86_64 /Users/comatoki/Library/Developer/Xcode/DerivedData/ModuleCache.noindex/CoreVideo-2M525FVVDXXIICV77JY459NHS.pcm

SwiftExplicitDependencyGeneratePcm arm64 /Users/comatoki/Library/Developer/Xcode/DerivedData/ModuleCache.noindex/Metal-3P6CQ87GPBH8E4IGCJ3QG3Z8A.pcm

SwiftExplicitDependencyGeneratePcm x86_64 /Users/comatoki/Library/Developer/Xcode/DerivedData/ModuleCache.noindex/CoreImage-1D3X5E0MH0CFDP3X795EGJPK1.pcm

SwiftExplicitDependencyGeneratePcm x86_64 /Users/comatoki/Library/Developer/Xcode/DerivedData/ModuleCache.noindex/QuartzCore-7PRUOPA9J8WWRU76DYDATAO57.pcm

SwiftExplicitDependencyGeneratePcm arm64 /Users/comatoki/Library/Developer/Xcode/DerivedData/ModuleCache.noindex/NetworkExtension-76Q0L2RBAJ8A3CPNAAMGNSP9.pcm

SwiftExplicitDependencyGeneratePcm arm64 /Users/comatoki/Library/Developer/Xcode/DerivedData/ModuleCache.noindex/CoreLocation-BQFT3NMK5CRGWFLE06LUE3OGZ.pcm

SwiftExplicitDependencyGeneratePcm x86_64 /Users/comatoki/Library/Developer/Xcode/DerivedData/ModuleCache.noindex/SwiftUICore-CFJTXJFY3FNLMUSXRNQV3MJKP.pcm

SwiftExplicitDependencyGeneratePcm x86_64 /Users/comatoki/Library/Developer/Xcode/DerivedData/ModuleCache.noindex/UIKit-17G3UFIJB5YZKBSPDIBDB1D2C.pcm

SwiftExplicitDependencyGeneratePcm arm64 /Users/comatoki/Library/Developer/Xcode/DerivedData/ModuleCache.noindex/CoreVideo-Z9UKBTLTM1KRN0I2OG6ELQ6F.pcm

SwiftExplicitDependencyGeneratePcm arm64 /Users/comatoki/Library/Developer/Xcode/DerivedData/ModuleCache.noindex/CoreImage-5XIUW68VPUOQGNT6KDM5YNBS5.pcm

SwiftExplicitDependencyGeneratePcm arm64 /Users/comatoki/Library/Developer/Xcode/DerivedData/ModuleCache.noindex/QuartzCore-1ZDQVT43V4M5POWWMLZM2M90K.pcm

SwiftExplicitDependencyGeneratePcm arm64 /Users/comatoki/Library/Developer/Xcode/DerivedData/ModuleCache.noindex/SwiftUICore-2SB5741YJR9W4W0OE9CJHGTJX.pcm

SwiftExplicitDependencyGeneratePcm arm64 /Users/comatoki/Library/Developer/Xcode/DerivedData/ModuleCache.noindex/UIKit-2J3K94HROM52NTDQ8UTLFALG5.pcm

SwiftExplicitDependencyGeneratePcm x86_64 /Users/comatoki/Library/Developer/Xcode/DerivedData/ModuleCache.noindex/SwiftUI-DOQ23J66ES028XDH20XP8SU7U.pcm

SwiftEmitModule normal x86_64 Emitting\ module\ for\ TrisPlaceRecognitionDemo (in target 'TrisPlaceRecognitionDemo' from project 'TrisPlaceRecognitionDemo')
Failed frontend command:
/Applications/Xcode.app/Contents/Developer/Toolchains/XcodeDefault.xctoolchain/usr/bin/swift-frontend -frontend -emit-module -experimental-skip-non-inlinable-function-bodies-without-types /Users/comatoki/Documents/iOS\ Project/Libraries/TrisPlaceRecognitionKit/Examples/TrisPlaceRecognitionDemo/TrisPlaceRecognitionDemo/ContentView.swift /Users/comatoki/Documents/iOS\ Project/Libraries/TrisPlaceRecognitionKit/Examples/TrisPlaceRecognitionDemo/TrisPlaceRecognitionDemo/DemoEnvironment.swift /Users/comatoki/Documents/iOS\ Project/Libraries/TrisPlaceRecognitionKit/Examples/TrisPlaceRecognitionDemo/TrisPlaceRecognitionDemo/DemoWiFiProvider.swift /Users/comatoki/Documents/iOS\ Project/Libraries/TrisPlaceRecognitionKit/Examples/TrisPlaceRecognitionDemo/TrisPlaceRecognitionDemo/TrisPlaceRecognitionDemoApp.swift /Users/comatoki/Library/Developer/Xcode/DerivedData/TrisPlaceRecognitionDemo-aqkehtsmqjdkmwdjjikxgxbhkgwv/Build/Intermediates.noindex/TrisPlaceRecognitionDemo.build/Debug-iphonesimulator/TrisPlaceRecognitionDemo.build/DerivedSources/GeneratedAssetSymbols.swift -target x86_64-apple-ios26.5-simulator -module-can-import-version DeveloperToolsSupport 23.40.26 23.40.26 -module-can-import-version SwiftUI 7.5.3 7.5.3 -module-can-import-version UIKit 9126.5.5.2 9126.5.5 -load-resolved-plugin /Applications/Xcode.app/Contents/Developer/Platforms/iPhoneOS.platform/Developer/usr/lib/swift/host/plugins/libFoundationMacros.dylib\#/Applications/Xcode.app/Contents/Developer/Platforms/iPhoneOS.platform/Developer/usr/bin/swift-plugin-server\#FoundationMacros -load-resolved-plugin /Applications/Xcode.app/Contents/Developer/Platforms/iPhoneOS.platform/Developer/usr/lib/swift/host/plugins/libObservationMacros.dylib\#/Applications/Xcode.app/Contents/Developer/Platforms/iPhoneOS.platform/Developer/usr/bin/swift-plugin-server\#ObservationMacros -load-resolved-plugin /Applications/Xcode.app/Contents/Developer/Platforms/iPhoneOS.platform/Developer/usr/lib/swift/host/plugins/libPreviewsMacros.dylib\#/Applications/Xcode.app/Contents/Developer/Platforms/iPhoneOS.platform/Developer/usr/bin/swift-plugin-server\#PreviewsMacros -load-resolved-plugin /Applications/Xcode.app/Contents/Developer/Platforms/iPhoneOS.platform/Developer/usr/lib/swift/host/plugins/libSwiftDataMacros.dylib\#/Applications/Xcode.app/Contents/Developer/Platforms/iPhoneOS.platform/Developer/usr/bin/swift-plugin-server\#SwiftDataMacros -load-resolved-plugin /Applications/Xcode.app/Contents/Developer/Platforms/iPhoneOS.platform/Developer/usr/lib/swift/host/plugins/libSwiftMacros.dylib\#/Applications/Xcode.app/Contents/Developer/Platforms/iPhoneOS.platform/Developer/usr/bin/swift-plugin-server\#SwiftMacros -load-resolved-plugin /Applications/Xcode.app/Contents/Developer/Platforms/iPhoneOS.platform/Developer/usr/lib/swift/host/plugins/libSwiftUIMacros.dylib\#/Applications/Xcode.app/Contents/Developer/Platforms/iPhoneOS.platform/Developer/usr/bin/swift-plugin-server\#SwiftUIMacros -disable-implicit-swift-modules -Xcc -fno-implicit-modules -Xcc -fno-implicit-module-maps -explicit-swift-module-map-file /Users/comatoki/Library/Developer/Xcode/DerivedData/TrisPlaceRecognitionDemo-aqkehtsmqjdkmwdjjikxgxbhkgwv/Build/Intermediates.noindex/TrisPlaceRecognitionDemo.build/Debug-iphonesimulator/TrisPlaceRecognitionDemo.build/Objects-normal/x86_64/TrisPlaceRecognitionDemo-dependencies-1.json -enable-objc-interop -sdk /Applications/Xcode.app/Contents/Developer/Platforms/iPhoneSimulator.platform/Developer/SDKs/iPhoneSimulator26.5.sdk -I /Users/comatoki/Library/Developer/Xcode/DerivedData/TrisPlaceRecognitionDemo-aqkehtsmqjdkmwdjjikxgxbhkgwv/Build/Products/Debug-iphonesimulator -F /Users/comatoki/Library/Developer/Xcode/DerivedData/TrisPlaceRecognitionDemo-aqkehtsmqjdkmwdjjikxgxbhkgwv/Build/Products/Debug-iphonesimulator/PackageFrameworks -F /Users/comatoki/Library/Developer/Xcode/DerivedData/TrisPlaceRecognitionDemo-aqkehtsmqjdkmwdjjikxgxbhkgwv/Build/Products/Debug-iphonesimulator/PackageFrameworks -F /Users/comatoki/Library/Developer/Xcode/DerivedData/TrisPlaceRecognitionDemo-aqkehtsmqjdkmwdjjikxgxbhkgwv/Build/Products/Debug-iphonesimulator -no-color-diagnostics -Xcc -fno-color-diagnostics -enable-testing -g -debug-info-format\=dwarf -dwarf-version\=5 -module-cache-path /Users/comatoki/Library/Developer/Xcode/DerivedData/TrisPlaceRecognitionDemo-aqkehtsmqjdkmwdjjikxgxbhkgwv/Build/Intermediates.noindex/SwiftExplicitPrecompiledModules -profile-generate -profile-coverage-mapping -swift-version 5 -Onone -D DEBUG -serialize-debugging-options -const-gather-protocols-file /Users/comatoki/Library/Developer/Xcode/DerivedData/TrisPlaceRecognitionDemo-aqkehtsmqjdkmwdjjikxgxbhkgwv/Build/Intermediates.noindex/TrisPlaceRecognitionDemo.build/Debug-iphonesimulator/TrisPlaceRecognitionDemo.build/Objects-normal/x86_64/TrisPlaceRecognitionDemo_const_extract_protocols.json -enable-upcoming-feature DisableOutwardActorInference -enable-upcoming-feature InferSendableFromCaptures -enable-upcoming-feature GlobalActorIsolatedTypesUsability -enable-upcoming-feature MemberImportVisibility -enable-upcoming-feature InferIsolatedConformances -enable-upcoming-feature NonisolatedNonsendingByDefault -enable-experimental-feature DebugDescriptionMacro -enable-bare-slash-regex -default-isolation\=MainActor -empty-abi-descriptor -validate-clang-modules-once -clang-build-session-file /Users/comatoki/Library/Developer/Xcode/DerivedData/ModuleCache.noindex/Session.modulevalidation -Xcc -working-directory -Xcc /Users/comatoki/Documents/iOS\ Project/Libraries/TrisPlaceRecognitionKit/Examples/TrisPlaceRecognitionDemo -enable-anonymous-context-mangled-names -file-compilation-dir /Users/comatoki/Documents/iOS\ Project/Libraries/TrisPlaceRecognitionKit/Examples/TrisPlaceRecognitionDemo -Xcc -D_LIBCPP_HARDENING_MODE\=_LIBCPP_HARDENING_MODE_DEBUG -Xcc -ivfsstatcache -Xcc /Users/comatoki/Library/Developer/Xcode/DerivedData/SDKStatCaches.noindex/iphonesimulator26.5-23F73-6cfe768891a92b912361537c460fe42b.sdkstatcache -Xcc -I/Users/comatoki/Library/Developer/Xcode/DerivedData/TrisPlaceRecognitionDemo-aqkehtsmqjdkmwdjjikxgxbhkgwv/Build/Intermediates.noindex/TrisPlaceRecognitionDemo.build/Debug-iphonesimulator/TrisPlaceRecognitionDemo.build/swift-overrides.hmap -Xcc -iquote -Xcc /Users/comatoki/Library/Developer/Xcode/DerivedData/TrisPlaceRecognitionDemo-aqkehtsmqjdkmwdjjikxgxbhkgwv/Build/Intermediates.noindex/TrisPlaceRecognitionDemo.build/Debug-iphonesimulator/TrisPlaceRecognitionDemo.build/TrisPlaceRecognitionDemo-generated-files.hmap -Xcc -I/Users/comatoki/Library/Developer/Xcode/DerivedData/TrisPlaceRecognitionDemo-aqkehtsmqjdkmwdjjikxgxbhkgwv/Build/Intermediates.noindex/TrisPlaceRecognitionDemo.build/Debug-iphonesimulator/TrisPlaceRecognitionDemo.build/TrisPlaceRecognitionDemo-own-target-headers.hmap -Xcc -I/Users/comatoki/Library/Developer/Xcode/DerivedData/TrisPlaceRecognitionDemo-aqkehtsmqjdkmwdjjikxgxbhkgwv/Build/Intermediates.noindex/TrisPlaceRecognitionDemo.build/Debug-iphonesimulator/TrisPlaceRecognitionDemo.build/TrisPlaceRecognitionDemo-all-non-framework-target-headers.hmap -Xcc -ivfsoverlay -Xcc /Users/comatoki/Library/Developer/Xcode/DerivedData/TrisPlaceRecognitionDemo-aqkehtsmqjdkmwdjjikxgxbhkgwv/Build/Intermediates.noindex/TrisPlaceRecognitionDemo.build/Debug-iphonesimulator/TrisPlaceRecognitionDemo-af5a59805aafc1b664963b1058eefbee-VFS-iphonesimulator/all-product-headers.yaml -Xcc -iquote -Xcc /Users/comatoki/Library/Developer/Xcode/DerivedData/TrisPlaceRecognitionDemo-aqkehtsmqjdkmwdjjikxgxbhkgwv/Build/Intermediates.noindex/TrisPlaceRecognitionDemo.build/Debug-iphonesimulator/TrisPlaceRecognitionDemo.build/TrisPlaceRecognitionDemo-project-headers.hmap -Xcc -I/Users/comatoki/Library/Developer/Xcode/DerivedData/TrisPlaceRecognitionDemo-aqkehtsmqjdkmwdjjikxgxbhkgwv/Build/Products/Debug-iphonesimulator/include -Xcc -I/Users/comatoki/Library/Developer/Xcode/DerivedData/TrisPlaceRecognitionDemo-aqkehtsmqjdkmwdjjikxgxbhkgwv/Build/Intermediates.noindex/TrisPlaceRecognitionDemo.build/Debug-iphonesimulator/TrisPlaceRecognitionDemo.build/DerivedSources-normal/x86_64 -Xcc -I/Users/comatoki/Library/Developer/Xcode/DerivedData/TrisPlaceRecognitionDemo-aqkehtsmqjdkmwdjjikxgxbhkgwv/Build/Intermediates.noindex/TrisPlaceRecognitionDemo.build/Debug-iphonesimulator/TrisPlaceRecognitionDemo.build/DerivedSources/x86_64 -Xcc -I/Users/comatoki/Library/Developer/Xcode/DerivedData/TrisPlaceRecognitionDemo-aqkehtsmqjdkmwdjjikxgxbhkgwv/Build/Intermediates.noindex/TrisPlaceRecognitionDemo.build/Debug-iphonesimulator/TrisPlaceRecognitionDemo.build/DerivedSources -Xcc -DDEBUG\=1 -no-auto-bridging-header-chaining -module-name TrisPlaceRecognitionDemo -frontend-parseable-output -disable-clang-spi -clang-target x86_64-apple-ios26.5-simulator -target-sdk-version 26.5 -target-sdk-name iphonesimulator26.5 -in-process-plugin-server-path /Applications/Xcode.app/Contents/Developer/Toolchains/XcodeDefault.xctoolchain/usr/lib/swift/host/libSwiftInProcPluginServer.dylib -emit-module-doc-path /Users/comatoki/Library/Developer/Xcode/DerivedData/TrisPlaceRecognitionDemo-aqkehtsmqjdkmwdjjikxgxbhkgwv/Build/Intermediates.noindex/TrisPlaceRecognitionDemo.build/Debug-iphonesimulator/TrisPlaceRecognitionDemo.build/Objects-normal/x86_64/TrisPlaceRecognitionDemo.swiftdoc -emit-module-source-info-path /Users/comatoki/Library/Developer/Xcode/DerivedData/TrisPlaceRecognitionDemo-aqkehtsmqjdkmwdjjikxgxbhkgwv/Build/Intermediates.noindex/TrisPlaceRecognitionDemo.build/Debug-iphonesimulator/TrisPlaceRecognitionDemo.build/Objects-normal/x86_64/TrisPlaceRecognitionDemo.swiftsourceinfo -emit-objc-header-path /Users/comatoki/Library/Developer/Xcode/DerivedData/TrisPlaceRecognitionDemo-aqkehtsmqjdkmwdjjikxgxbhkgwv/Build/Intermediates.noindex/TrisPlaceRecognitionDemo.build/Debug-iphonesimulator/TrisPlaceRecognitionDemo.build/Objects-normal/x86_64/TrisPlaceRecognitionDemo-Swift.h -serialize-diagnostics-path /Users/comatoki/Library/Developer/Xcode/DerivedData/TrisPlaceRecognitionDemo-aqkehtsmqjdkmwdjjikxgxbhkgwv/Build/Intermediates.noindex/TrisPlaceRecognitionDemo.build/Debug-iphonesimulator/TrisPlaceRecognitionDemo.build/Objects-normal/x86_64/TrisPlaceRecognitionDemo-primary-emit-module.dia -emit-dependencies-path /Users/comatoki/Library/Developer/Xcode/DerivedData/TrisPlaceRecognitionDemo-aqkehtsmqjdkmwdjjikxgxbhkgwv/Build/Intermediates.noindex/TrisPlaceRecognitionDemo.build/Debug-iphonesimulator/TrisPlaceRecognitionDemo.build/Objects-normal/x86_64/TrisPlaceRecognitionDemo-primary-emit-module.d -o /Users/comatoki/Library/Developer/Xcode/DerivedData/TrisPlaceRecognitionDemo-aqkehtsmqjdkmwdjjikxgxbhkgwv/Build/Intermediates.noindex/TrisPlaceRecognitionDemo.build/Debug-iphonesimulator/TrisPlaceRecognitionDemo.build/Objects-normal/x86_64/TrisPlaceRecognitionDemo.swiftmodule -emit-abi-descriptor-path /Users/comatoki/Library/Developer/Xcode/DerivedData/TrisPlaceRecognitionDemo-aqkehtsmqjdkmwdjjikxgxbhkgwv/Build/Intermediates.noindex/TrisPlaceRecognitionDemo.build/Debug-iphonesimulator/TrisPlaceRecognitionDemo.build/Objects-normal/x86_64/TrisPlaceRecognitionDemo.abi.json

EmitSwiftModule normal x86_64 (in target 'TrisPlaceRecognitionDemo' from project 'TrisPlaceRecognitionDemo')
    cd /Users/comatoki/Documents/iOS\ Project/Libraries/TrisPlaceRecognitionKit/Examples/TrisPlaceRecognitionDemo
    
/Users/comatoki/Documents/iOS Project/Libraries/TrisPlaceRecognitionKit/Examples/TrisPlaceRecognitionDemo/TrisPlaceRecognitionDemo/ContentView.swift:13:13: error: type 'PlaceSmokeModel' does not conform to protocol 'ObservableObject'
final class PlaceSmokeModel: ObservableObject {
            ^
/Users/comatoki/Documents/iOS Project/Libraries/TrisPlaceRecognitionKit/Examples/TrisPlaceRecognitionDemo/TrisPlaceRecognitionDemo/ContentView.swift:13:13: note: add stubs for conformance
final class PlaceSmokeModel: ObservableObject {
            ^
Combine.ObservableObject.objectWillChange:2:5: note: protocol requires property 'objectWillChange' with type 'Self.ObjectWillChangePublisher'
var objectWillChange: Self.ObjectWillChangePublisher { get }}
    ^
/Users/comatoki/Documents/iOS Project/Libraries/TrisPlaceRecognitionKit/Examples/TrisPlaceRecognitionDemo/TrisPlaceRecognitionDemo/ContentView.swift:15:6: error: initializer 'init(wrappedValue:)' is not available due to missing import of defining module 'Combine'
    @Published
     ^
/Users/comatoki/Documents/iOS Project/Libraries/TrisPlaceRecognitionKit/Examples/TrisPlaceRecognitionDemo/TrisPlaceRecognitionDemo/ContentView.swift:11:1: note: add import of module 'Combine'

^
/Users/comatoki/Documents/iOS Project/Libraries/TrisPlaceRecognitionKit/Examples/TrisPlaceRecognitionDemo/TrisPlaceRecognitionDemo/ContentView.swift:18:6: error: initializer 'init(wrappedValue:)' is not available due to missing import of defining module 'Combine'
    @Published
     ^
/Users/comatoki/Documents/iOS Project/Libraries/TrisPlaceRecognitionKit/Examples/TrisPlaceRecognitionDemo/TrisPlaceRecognitionDemo/ContentView.swift:11:1: note: add import of module 'Combine'

^
/Users/comatoki/Documents/iOS Project/Libraries/TrisPlaceRecognitionKit/Examples/TrisPlaceRecognitionDemo/TrisPlaceRecognitionDemo/ContentView.swift:21:6: error: initializer 'init(wrappedValue:)' is not available due to missing import of defining module 'Combine'
    @Published
     ^
/Users/comatoki/Documents/iOS Project/Libraries/TrisPlaceRecognitionKit/Examples/TrisPlaceRecognitionDemo/TrisPlaceRecognitionDemo/ContentView.swift:11:1: note: add import of module 'Combine'

^

SwiftCompile normal x86_64 Compiling\ TrisPlaceRecognitionDemoApp.swift /Users/comatoki/Documents/iOS\ Project/Libraries/TrisPlaceRecognitionKit/Examples/TrisPlaceRecognitionDemo/TrisPlaceRecognitionDemo/TrisPlaceRecognitionDemoApp.swift (in target 'TrisPlaceRecognitionDemo' from project 'TrisPlaceRecognitionDemo')

SwiftCompile normal x86_64 /Users/comatoki/Documents/iOS\ Project/Libraries/TrisPlaceRecognitionKit/Examples/TrisPlaceRecognitionDemo/TrisPlaceRecognitionDemo/TrisPlaceRecognitionDemoApp.swift (in target 'TrisPlaceRecognitionDemo' from project 'TrisPlaceRecognitionDemo')
    cd /Users/comatoki/Documents/iOS\ Project/Libraries/TrisPlaceRecognitionKit/Examples/TrisPlaceRecognitionDemo
    

SwiftCompile normal x86_64 Compiling\ DemoWiFiProvider.swift /Users/comatoki/Documents/iOS\ Project/Libraries/TrisPlaceRecognitionKit/Examples/TrisPlaceRecognitionDemo/TrisPlaceRecognitionDemo/DemoWiFiProvider.swift (in target 'TrisPlaceRecognitionDemo' from project 'TrisPlaceRecognitionDemo')

SwiftCompile normal x86_64 /Users/comatoki/Documents/iOS\ Project/Libraries/TrisPlaceRecognitionKit/Examples/TrisPlaceRecognitionDemo/TrisPlaceRecognitionDemo/DemoWiFiProvider.swift (in target 'TrisPlaceRecognitionDemo' from project 'TrisPlaceRecognitionDemo')
    cd /Users/comatoki/Documents/iOS\ Project/Libraries/TrisPlaceRecognitionKit/Examples/TrisPlaceRecognitionDemo
    

SwiftCompile normal x86_64 Compiling\ GeneratedAssetSymbols.swift /Users/comatoki/Library/Developer/Xcode/DerivedData/TrisPlaceRecognitionDemo-aqkehtsmqjdkmwdjjikxgxbhkgwv/Build/Intermediates.noindex/TrisPlaceRecognitionDemo.build/Debug-iphonesimulator/TrisPlaceRecognitionDemo.build/DerivedSources/GeneratedAssetSymbols.swift (in target 'TrisPlaceRecognitionDemo' from project 'TrisPlaceRecognitionDemo')

SwiftCompile normal x86_64 /Users/comatoki/Library/Developer/Xcode/DerivedData/TrisPlaceRecognitionDemo-aqkehtsmqjdkmwdjjikxgxbhkgwv/Build/Intermediates.noindex/TrisPlaceRecognitionDemo.build/Debug-iphonesimulator/TrisPlaceRecognitionDemo.build/DerivedSources/GeneratedAssetSymbols.swift (in target 'TrisPlaceRecognitionDemo' from project 'TrisPlaceRecognitionDemo')
    cd /Users/comatoki/Documents/iOS\ Project/Libraries/TrisPlaceRecognitionKit/Examples/TrisPlaceRecognitionDemo
    

SwiftCompile normal x86_64 Compiling\ DemoEnvironment.swift /Users/comatoki/Documents/iOS\ Project/Libraries/TrisPlaceRecognitionKit/Examples/TrisPlaceRecognitionDemo/TrisPlaceRecognitionDemo/DemoEnvironment.swift (in target 'TrisPlaceRecognitionDemo' from project 'TrisPlaceRecognitionDemo')

SwiftCompile normal x86_64 /Users/comatoki/Documents/iOS\ Project/Libraries/TrisPlaceRecognitionKit/Examples/TrisPlaceRecognitionDemo/TrisPlaceRecognitionDemo/DemoEnvironment.swift (in target 'TrisPlaceRecognitionDemo' from project 'TrisPlaceRecognitionDemo')
    cd /Users/comatoki/Documents/iOS\ Project/Libraries/TrisPlaceRecognitionKit/Examples/TrisPlaceRecognitionDemo
    

SwiftCompile normal x86_64 Compiling\ ContentView.swift /Users/comatoki/Documents/iOS\ Project/Libraries/TrisPlaceRecognitionKit/Examples/TrisPlaceRecognitionDemo/TrisPlaceRecognitionDemo/ContentView.swift (in target 'TrisPlaceRecognitionDemo' from project 'TrisPlaceRecognitionDemo')

SwiftCompile normal x86_64 /Users/comatoki/Documents/iOS\ Project/Libraries/TrisPlaceRecognitionKit/Examples/TrisPlaceRecognitionDemo/TrisPlaceRecognitionDemo/ContentView.swift (in target 'TrisPlaceRecognitionDemo' from project 'TrisPlaceRecognitionDemo')
    cd /Users/comatoki/Documents/iOS\ Project/Libraries/TrisPlaceRecognitionKit/Examples/TrisPlaceRecognitionDemo
    

** BUILD FAILED **


The following build commands failed:
	SwiftEmitModule normal x86_64 Emitting\ module\ for\ TrisPlaceRecognitionDemo (in target 'TrisPlaceRecognitionDemo' from project 'TrisPlaceRecognitionDemo')
	EmitSwiftModule normal x86_64 (in target 'TrisPlaceRecognitionDemo' from project 'TrisPlaceRecognitionDemo')
	Building project TrisPlaceRecognitionDemo with scheme TrisPlaceRecognitionDemo and configuration Debug
(3 failures)
